C51 COMPILER V6.23a  STRINGNAME                                                            07/20/2017 13:30:12 PAGE 1   


C51 COMPILER V6.23a, COMPILATION OF MODULE STRINGNAME
OBJECT MODULE PLACED IN stringname.OBJ
COMPILER INVOKED BY: C:\Keil\C51\BIN\C51.EXE stringname.c BROWSE DEBUG OBJECTEXTEND

stmt level    source

   1          #include<reg51.h>
   2          #include<string.h>
   3          sfr ldata=0x80;
   4          sbit rs=P1^0;
   5          sbit rw=P1^1;
   6          sbit en=P1^2;
   7          sbit busy=P0^7;
   8          sbit buzzer=P1^5;
   9          void MSDelay(unsigned int value){
  10   1      unsigned int i,j;
  11   1      for(i=0;i<value;i++)
  12   1      for(j=0;j<1275;j++);
  13   1      }
  14          
  15          void lcdready(){
  16   1      
  17   1      busy=1;
  18   1      rs=0;
  19   1      rw=1;
  20   1      while(busy==1)
  21   1      {
  22   2      en=0;
  23   2      MSDelay(1);
  24   2      en=1;
  25   2      }
  26   1      return;
  27   1      }
  28          
  29          void lcdcmd(unsigned char value){
  30   1      lcdready();
  31   1      ldata=value;
  32   1      rs=0;
  33   1      rw=0;
  34   1      en=1;
  35   1      MSDelay(1);
  36   1      en=0;
  37   1      return;
  38   1      }
  39          
  40          void lcddata(unsigned char value){
  41   1      lcdready();
  42   1      ldata=value;
  43   1      rs=1;
  44   1      rw=0;
  45   1      en=1;
  46   1      MSDelay(1);
  47   1      en=0;
  48   1      return;
  49   1      }
  50          
  51          
  52          
  53          void func(char ar[],int n){
  54   1      unsigned int i;
  55   1      for(i=0;i<n;i++)
C51 COMPILER V6.23a  STRINGNAME                                                            07/20/2017 13:30:12 PAGE 2   

  56   1      lcddata(ar[i]);
  57   1      }
  58          void main(){
  59   1      char arr[]="KUNAL VISOULIA";
  60   1      buzzer=0;
  61   1      lcdcmd(0x38);
  62   1      lcdcmd(0x0C);
  63   1      lcdcmd(0x01);
  64   1      lcdcmd(0x06);
  65   1      lcdcmd(0x80);
  66   1      func(arr,strlen(arr));
  67   1      }


MODULE INFORMATION:   STATIC OVERLAYABLE
   CODE SIZE        =    213    ----
   CONSTANT SIZE    =     15    ----
   XDATA SIZE       =   ----    ----
   PDATA SIZE       =   ----    ----
   DATA SIZE        =   ----      22
   IDATA SIZE       =   ----    ----
   BIT SIZE         =   ----    ----
END OF MODULE INFORMATION.


C51 COMPILATION COMPLETE.  0 WARNING(S),  0 ERROR(S)
