BL51 BANKED LINKER/LOCATER V4.23                                                        07/20/2017  19:33:12  PAGE 1


BL51 BANKED LINKER/LOCATER V4.23, INVOKED BY:
C:\KEIL\C51\BIN\BL51.EXE test.obj TO test RAMSIZE (256)


MEMORY MODEL: SMALL


INPUT MODULES INCLUDED:
  test.obj (TEST)
  C:\KEIL\C51\LIB\C51S.LIB (?C_STARTUP)


LINK MAP OF MODULE:  test (TEST)


            TYPE    BASE      LENGTH    RELOCATION   SEGMENT NAME
            -----------------------------------------------------

            * * * * * * *   D A T A   M E M O R Y   * * * * * * *
            REG     0000H     0008H     ABSOLUTE     "REG BANK 0"
            IDATA   0008H     0001H     UNIT         ?STACK

            * * * * * * *   C O D E   M E M O R Y   * * * * * * *
            CODE    0000H     0003H     ABSOLUTE     
            CODE    0003H     0028H     UNIT         ?PR?_MSDELAY?TEST
            CODE    002BH     0027H     UNIT         ?PR?MAIN?TEST
            CODE    0052H     0013H     UNIT         ?PR?LCDREADY?TEST
            CODE    0065H     000FH     UNIT         ?PR?_LCDCMD?TEST
            CODE    0074H     000FH     UNIT         ?PR?_LCDDATA?TEST
            CODE    0083H     000CH     UNIT         ?C_C51STARTUP



OVERLAY MAP OF MODULE:   test (TEST)


SEGMENT
  +--> CALLED SEGMENT
---------------------
?C_C51STARTUP
  +--> ?PR?MAIN?TEST

?PR?MAIN?TEST
  +--> ?PR?_LCDCMD?TEST
  +--> ?PR?_LCDDATA?TEST

?PR?_LCDCMD?TEST
  +--> ?PR?LCDREADY?TEST
  +--> ?PR?_MSDELAY?TEST

?PR?LCDREADY?TEST
  +--> ?PR?_MSDELAY?TEST

?PR?_LCDDATA?TEST
  +--> ?PR?LCDREADY?TEST
  +--> ?PR?_MSDELAY?TEST


BL51 BANKED LINKER/LOCATER V4.23                                                      07/20/2017  19:33:12  PAGE 2



SYMBOL TABLE OF MODULE:  test (TEST)

  VALUE           TYPE          NAME
  ----------------------------------

  -------         MODULE        TEST
  C:0000H         SYMBOL        _ICE_DUMMY_
  D:0080H         PUBLIC        P0
  D:0090H         PUBLIC        P1
  B:00B0H.4       PUBLIC        T0
  B:00D0H.6       PUBLIC        AC
  B:00B0H.5       PUBLIC        T1
  B:00A8H.7       PUBLIC        EA
  D:0080H         PUBLIC        ldata
  B:00B0H.7       PUBLIC        RD
  B:00A8H.4       PUBLIC        ES
  B:0098H.0       PUBLIC        RI
  B:00B0H.2       PUBLIC        INT0
  B:00D0H.7       PUBLIC        CY
  B:0098H.1       PUBLIC        TI
  B:00B0H.3       PUBLIC        INT1
  B:00B8H.4       PUBLIC        PS
  B:00D0H.2       PUBLIC        OV
  B:0090H.5       PUBLIC        buzzer
  C:002BH         PUBLIC        main
  B:00B0H.6       PUBLIC        WR
  C:0074H         PUBLIC        _lcddata
  B:0088H.1       PUBLIC        IE0
  B:0088H.3       PUBLIC        IE1
  B:0080H.7       PUBLIC        busy
  B:00A8H.1       PUBLIC        ET0
  C:0065H         PUBLIC        _lcdcmd
  B:00A8H.3       PUBLIC        ET1
  B:0088H.5       PUBLIC        TF0
  B:0088H.7       PUBLIC        TF1
  B:0098H.2       PUBLIC        RB8
  C:0052H         PUBLIC        lcdready
  B:00A8H.0       PUBLIC        EX0
  B:0088H.0       PUBLIC        IT0
  B:0098H.3       PUBLIC        TB8
  B:00A8H.2       PUBLIC        EX1
  B:0088H.2       PUBLIC        IT1
  B:00D0H.0       PUBLIC        P
  B:0098H.7       PUBLIC        SM0
  B:0098H.6       PUBLIC        SM1
  B:0098H.5       PUBLIC        SM2
  B:0090H.2       PUBLIC        en
  B:00B8H.1       PUBLIC        PT0
  B:00B8H.3       PUBLIC        PT1
  B:00D0H.3       PUBLIC        RS0
  B:0088H.4       PUBLIC        TR0
  B:00D0H.4       PUBLIC        RS1
  B:0088H.6       PUBLIC        TR1
  B:00B8H.0       PUBLIC        PX0
  B:00B8H.2       PUBLIC        PX1
  B:0090H.0       PUBLIC        rs
BL51 BANKED LINKER/LOCATER V4.23                                                      07/20/2017  19:33:12  PAGE 3


  B:0098H.4       PUBLIC        REN
  B:0090H.1       PUBLIC        rw
  B:00B0H.0       PUBLIC        RXD
  B:00B0H.1       PUBLIC        TXD
  C:000BH         PUBLIC        _MSDelay
  B:00D0H.5       PUBLIC        F0
  C:0007H         SYMBOL        L?0019
  -------         PROC          L?0018
  -------         ENDPROC       L?0018
  C:0007H         SYMBOL        L?0019
  -------         PROC          _MSDELAY
  D:0006H         SYMBOL        value
  -------         DO            
  D:0004H         SYMBOL        i
  D:0002H         SYMBOL        j
  -------         ENDDO         
  C:000BH         LINE#         9
  C:000BH         LINE#         11
  C:0015H         LINE#         12
  C:002AH         LINE#         13
  -------         ENDPROC       _MSDELAY
  -------         PROC          LCDREADY
  C:0052H         LINE#         15
  C:0052H         LINE#         17
  C:0054H         LINE#         18
  C:0056H         LINE#         19
  C:0058H         LINE#         20
  C:005BH         LINE#         21
  C:005BH         LINE#         22
  C:005DH         LINE#         23
  C:0060H         LINE#         24
  C:0062H         LINE#         25
  C:0064H         LINE#         27
  -------         ENDPROC       LCDREADY
  -------         PROC          _LCDCMD
  D:0001H         SYMBOL        value
  C:0065H         LINE#         29
  C:0067H         LINE#         30
  C:006AH         LINE#         31
  C:006CH         LINE#         32
  C:006EH         LINE#         33
  C:006EH         LINE#         34
  C:006EH         LINE#         35
  C:0071H         LINE#         36
  C:0073H         LINE#         38
  -------         ENDPROC       _LCDCMD
  -------         PROC          _LCDDATA
  D:0001H         SYMBOL        value
  C:0074H         LINE#         40
  C:0076H         LINE#         41
  C:0079H         LINE#         42
  C:007BH         LINE#         43
  C:007DH         LINE#         44
  C:007DH         LINE#         45
  C:007DH         LINE#         46
  C:0080H         LINE#         47
  C:0082H         LINE#         49
BL51 BANKED LINKER/LOCATER V4.23                                                      07/20/2017  19:33:12  PAGE 4


  -------         ENDPROC       _LCDDATA
  -------         PROC          MAIN
  -------         DO            
  D:0007H         SYMBOL        c
  -------         ENDDO         
  C:002BH         LINE#         54
  C:002BH         LINE#         55
  C:002BH         LINE#         56
  C:002DH         LINE#         57
  C:0032H         LINE#         58
  C:0037H         LINE#         59
  C:003CH         LINE#         61
  C:0041H         LINE#         62
  C:0046H         LINE#         63
  C:004BH         LINE#         64
  C:004DH         LINE#         65
  C:0050H         LINE#         66
  -------         ENDPROC       MAIN
  -------         ENDMOD        TEST

Program Size: data=9.0 xdata=0 code=143
LINK/LOCATE RUN COMPLETE.  0 WARNING(S),  0 ERROR(S)
